// Jest Snapshot v1, https://goo.gl/fbAQLP

exports[`Should render the loading page 1`] = `
<div
  className="loader"
>
  <div
    className="logo"
  >
    <p>
      Loading
    </p>
    <div
      className="green"
    />
    <div
      className="purple"
    />
    <div
      className="blue"
    />
  </div>
</div>
`;
